"","Cutibacterium","Streptococcus","Rothia","Prevotella_7","Actinomyces","Actinomyces_odontolyticus","Pseudopropionibacterium","Streptococcus-1","Streptococcus-2","Corynebacterium_1","Cutibacterium_acnes","Actinomyces-1","Streptococcus-3","Streptococcus-4","Streptococcus-5","Prevotella_7-1","Pelomonas","Neisseria","Butyrivibrio_2","Pseudopropionibacterium_propionicum","Fusobacterium_periodonticum","Cutibacterium_granulosum","Gemella","Atopobium_parvulum","Stenotrophomonas","Johnsonella","Nesterenkonia","Lachnospiraceae(Family)","Peptostreptococcus_stomatis","Gemella_sanguinis","Prevotella_6","Parvimonas_micra","Cutibacterium_acnes-1","Acinetobacter","Streptococcus-6","Prevotella_pallens","Selenomonas_3","Corynebacterium_1_accolens","Granulicatella","Atopobium_rimae","Veillonella","Moraxella","Family_XIII(Family)","Microbacterium_lacticum","Cutibacterium_avidum","Selenomonas_3-1","Fusobacterium_nucleatum","Corynebacterium_1-1","Fusobacterium","Streptococcus-7","Ralstonia","Cardiobacterium_hominis","Prevotella_7_jejuni","Streptococcus_sanguinis","Cutibacterium_acnes-2","Capnocytophaga","Selenomonas_3-2","Streptococcus-8","Staphylococcus","Actinomyces_graevenitzii","Pseudomonas","Oribacterium","Neisseria-1","Cutibacterium-1","Streptococcus-9","Staphylococcus-1","Streptococcus-10","Unclassified","Slackia_exigua","Solobacterium_moorei","Mycoplasma","Corynebacterium","Fusobacterium-1","Corynebacterium-1","Streptococcus-11","Propionibacterium_acidifaciens","Prevotella_7-2","Streptococcus-12","Anaerococcus","Neisseria-2","Rothia_dentocariosa","Cutibacterium-2","Selenomonas_3_infelix","Prevotella_7-3","Veillonella-1","Actinomyces-2","Family_XIII(Family)-1","Thermoanaerobacteraceae(Family)","Gemella_morbillorum","Streptococcus-13","Microbacterium_lacticum-1","Haemophilus","Actinomyces-3","Actinomyces-4","Lautropia","Saccharimonadaceae(Family)","Prevotella","Prevotella-1","Alcaligenes","Streptococcus-14","Streptococcus-15","Aliicoccus_persicus","Lachnospiraceae(Family)-1","Veillonella-2","Fusobacterium_periodonticum-1","Mogibacterium","Cutibacterium-3","Corynebacterium_1-2","Candidatus_Saccharimonas","Mycoplasma-1","Rothia_dentocariosa-1","Prevotella_6-1","Pseudomonas-1","Actinomyces-5","Porphyromonas","Selenomonas_3_noxia","Cardiobacterium_valvarum","Atopostipes","F0058","Tannerella","Streptococcus-16","Haemophilus_parainfluenzae","Haemophilus_parainfluenzae-1","Mesorhizobium","Prevotella_7_melaninogenica","Prevotella-2","Dolosigranulum_pigrum","Anaerococcus-1","Mogibacterium_timidum","Oceanobacillus_massiliensis","Prevotella_2","Porphyromonas-1","Capnocytophaga_leadbetteri","Gemella_sanguinis-1","Stomatobaculum","Corynebacterium_1_lipophiloflavum","Streptococcus-17","Actinomyces-6","Prevotella_7-4","Alcanivorax","Planococcus","Treponema_2_socranskii","Lachnoanaerobaculum_cf.","Veillonella-3","Saccharimonadaceae(Family)-1","Micrococcus","Unclassified-1","Dialister","Alloprevotella","Variovorax","Haemophilus_parainfluenzae-2","Lactobacillus","Clostridiales_vadinBB60_group(Family)","Actinobacillus_pleuropneumoniae","Alloprevotella-1","Veillonella-4","Porphyromonas-2","Prevotella-3","Catonella","Propioniciclava","Alloprevotella-2","Catonella_morbi","Parvimonas","Pseudomonas-2","Abiotrophia","Streptococcus-18","Megasphaera_micronuciformis","Corynebacterium_1-3","Lachnoanaerobaculum","Saccharimonadaceae(Family)-2","Alloprevotella-3","Prevotella_7-5","Veillonella-5","Staphylococcus_lugdunensis","Ruminococcaceae_UCG-014","Candidatus_Saccharimonas-1","Prevotella_2-1","Actinobacillus","Prevotella_7_baroniae","Parvimonas-1","Corynebacterium-2","Veillonella-6","Peptostreptococcus","Candidatus_Saccharimonas-2","Prevotella-4","Haemophilus-1","Peptoniphilus_lacrimalis","F0332","Aggregatibacter","Abiotrophia-1","Prevotella_7-6","Granulicatella_adiacens","Burkholderia-Caballeronia-Paraburkholderia","Staphylococcus-2","F0058-1","Aquipuribacter","Alloprevotella-4","Pseudomonas-3","Staphylococcus-3","Prevotella_nigrescens","Eukaryota(Kingdom)","Hymenobacter","Actinopolyspora","Selenomonas_3-3","Capnocytophaga-1","Porphyromonas_endodontalis","Finegoldia","Microtrichales(Order)","Granulicatella_adiacens-1","Nocardioides","Corynebacterium_durum","Staphylococcus-4","Bulleidia_extructa","Selenomonas_3_dianae","Rubellimicrobium","Catonella-1","Salinicoccus","Saccharimonadaceae(Family)-3","Eukaryota(Kingdom)-1","Actinomyces_graevenitzii-1","Acinetobacter-1","Microbacterium_lacticum-2","Lautropia-1","Flavobacteriaceae(Family)","Anaerococcus_nagyae","Eukaryota(Kingdom)-2","Actinomyces-7","Catonella-2","Porphyromonas-3","Prevotella-5","Selenomonas_3-4","Massilia","Capnocytophaga-2","Fusobacterium_nucleatum-1","Bergeyella_cardium","Streptococcus_cristatus","Family_XIII(Family)-2","Prevotella_7_pleuritidis","Unclassified-2","Rikenellaceae_RC9_gut_group","Treponema_2_lecithinolyticum","Catonella-3","Treponema_2","Bacteria(Kingdom)","Actinomycetaceae(Family)","Chloroplast(Order)","Pseudomonas-4","Prevotella_7-7","Peptococcus","Alloprevotella_rava","Eukaryota(Kingdom)-3","Amaricoccus","Acinetobacter-2","Treponema_2-1","Eukaryota(Kingdom)-4","Alloprevotella-5","Paracoccus","Amaricoccus-1","Prevotella_2-2","Capnocytophaga_ochracea","Aphelidium","Lachnospiraceae(Family)-2","Rothia-1","Leptotrichia","Bergeyella","Eukaryota(Kingdom)-5","Eukaryota(Kingdom)-6","Capnocytophaga-3"
"29-B1",1295,269,1834,0,0,0,0,352,365,0,0,0,0,352,0,0,77,0,0,0,0,239,80,0,0,0,0,0,0,0,0,0,0,0,0,0,0,0,0,0,0,0,0,0,0,0,0,0,0,0,0,0,0,0,0,0,0,0,0,0,0,0,0,0,0,0,0,0,0,0,0,0,0,0,0,0,0,0,0,0,123,0,0,0,0,0,0,0,0,0,0,0,87,0,0,0,0,0,0,173,0,0,0,0,0,0,0,0,0,0,0,0,0,129,0,0,0,0,0,0,0,0,0,0,0,0,0,0,0,0,0,0,0,0,0,0,0,0,0,0,0,0,0,0,0,0,0,0,0,0,0,66,0,0,0,0,0,0,0,0,0,0,0,0,0,0,0,0,0,0,0,0,0,0,0,0,0,0,0,0,0,0,0,0,0,0,0,0,0,0,0,0,0,0,0,0,0,0,0,0,0,0,0,0,0,0,0,0,0,0,0,0,0,0,0,0,0,0,0,0,0,0,0,0,0,0,0,0,0,0,0,0,0,0,0,0,0,0,0,0,0,0,0,0,0,0,0,0,0,0,0,11,0,0,0,0,0,0,0,0,0,0,0,0,0,0,0,0
"30-B1",1053,286,0,0,198,100,0,216,105,0,232,0,0,0,0,0,0,0,0,0,0,0,168,0,0,0,0,0,0,61,0,365,145,14,498,0,0,0,64,0,53,0,140,0,0,0,268,0,0,0,0,0,0,0,0,0,0,0,0,0,0,45,0,0,331,0,0,0,0,21,0,0,0,0,0,0,0,0,0,0,0,0,0,0,0,0,0,224,159,0,0,0,0,0,0,0,0,0,0,0,0,0,0,0,0,92,0,0,0,0,0,0,0,0,0,0,0,0,0,0,0,0,0,0,43,0,0,0,0,0,0,0,0,0,25,0,0,0,0,0,0,0,0,0,0,0,0,0,0,0,0,0,0,0,0,0,0,0,0,0,0,0,0,0,0,0,0,0,0,0,0,0,0,0,0,36,0,0,0,0,0,0,0,0,0,0,14,0,0,0,0,0,0,0,0,0,0,0,0,0,0,0,0,0,0,0,0,0,0,0,0,0,0,0,0,28,0,0,0,0,0,0,0,0,0,0,0,0,0,0,0,0,0,0,0,0,0,0,0,0,0,0,0,0,0,0,0,12,0,0,0,0,0,0,0,0,0,0,0,0,0,0,0,0,0,0,0,0
"31-B2",4044,0,0,0,127,0,1391,0,91,0,0,1733,0,0,0,0,0,0,0,798,0,0,0,0,0,190,0,727,0,0,0,0,0,0,0,0,0,0,0,0,0,0,54,0,0,0,0,0,0,0,58,344,0,0,0,265,0,0,0,0,0,0,54,0,0,0,0,0,0,0,0,296,244,294,0,0,0,0,0,0,0,0,248,0,0,236,0,0,0,0,0,0,0,192,0,0,42,0,0,0,0,0,161,0,0,0,0,0,0,0,0,0,0,0,0,124,81,0,115,112,112,0,0,0,0,0,0,0,0,0,97,0,96,0,0,0,0,84,0,0,0,80,75,0,73,0,69,0,0,0,0,0,0,0,0,62,0,60,0,0,0,0,0,0,0,0,0,0,0,54,0,0,0,0,52,0,49,0,0,0,47,46,22,0,0,0,0,43,42,0,0,0,0,0,38,0,0,0,0,0,0,0,0,34,34,0,0,0,0,0,0,0,0,29,0,0,0,0,0,0,0,25,0,0,0,0,0,0,0,0,19,0,0,0,0,0,0,0,0,0,0,0,14,0,0,0,13,0,0,0,0,0,0,0,0,0,0,0,8,0,0,0,0,6,0,0,0,0
"32-B3",3816,271,58,0,0,428,0,0,83,0,0,0,0,0,0,0,51,0,563,0,0,0,0,0,0,0,0,0,34,0,149,131,0,0,0,0,0,0,0,556,51,0,33,51,0,0,56,0,0,0,52,0,0,0,0,0,0,0,0,0,0,0,0,0,0,0,227,0,0,76,0,0,0,0,0,0,0,0,91,0,135,249,0,0,0,0,77,0,0,0,0,0,0,0,0,61,139,0,0,0,0,0,0,0,0,0,0,0,0,0,58,0,0,0,0,0,0,0,0,0,0,0,0,0,0,0,0,105,0,0,0,0,0,0,0,0,0,0,82,0,0,0,0,0,0,0,0,0,0,0,0,0,66,0,0,0,0,0,0,0,12,0,0,0,0,0,0,0,0,0,54,0,0,0,0,0,0,0,0,0,0,0,0,0,0,0,30,0,0,0,0,0,0,0,0,0,0,0,37,36,0,0,0,0,0,0,0,0,0,0,0,0,30,0,0,0,0,0,0,0,0,0,0,0,0,0,0,0,0,0,0,0,0,0,0,0,0,16,0,15,0,0,0,0,0,0,0,0,0,0,0,0,0,0,0,0,0,0,0,0,0,0,0,0,0,0,4,0
"33-B1",7274,0,0,0,0,0,0,0,0,0,0,0,0,0,0,0,0,0,0,0,0,0,0,0,0,0,0,0,0,0,0,0,0,71,0,0,0,0,0,0,0,533,0,0,0,0,0,0,0,0,0,0,0,0,0,0,0,0,0,0,0,0,0,0,0,0,0,0,0,0,0,0,0,0,0,0,0,0,175,0,0,0,0,0,0,0,0,0,0,0,39,0,0,0,0,0,0,0,0,0,0,0,0,0,0,0,138,115,0,0,0,0,0,0,0,0,0,0,0,0,0,0,0,0,0,0,0,0,0,0,0,0,0,0,0,0,0,0,0,0,0,0,0,0,0,0,0,0,0,0,0,0,0,0,0,0,0,0,0,0,0,0,0,0,0,0,0,0,0,0,0,0,0,0,0,0,0,0,0,0,0,0,0,0,0,0,0,0,0,0,0,0,0,0,0,0,0,0,0,0,0,0,0,0,0,0,33,0,0,0,0,0,0,0,0,0,0,0,0,0,0,0,0,0,21,0,0,0,0,0,0,19,19,0,0,0,0,0,0,0,0,0,0,0,0,0,0,0,0,0,0,0,11,0,0,0,0,0,0,0,0,0,0,0,0,5,0,0
"34-B1",1831,0,0,0,0,0,0,0,0,0,0,0,0,0,0,0,24,0,0,0,0,0,0,0,0,0,0,0,0,0,0,0,0,0,0,0,0,0,0,0,0,0,0,0,0,0,0,0,0,0,0,0,0,0,0,0,0,0,0,0,0,0,0,0,0,0,0,0,0,0,0,0,0,0,0,0,0,0,0,0,0,0,0,0,0,0,0,0,0,0,0,0,0,0,0,0,0,0,0,0,0,0,0,0,0,0,0,0,0,0,0,0,0,0,0,0,0,0,0,0,0,0,0,0,0,0,0,0,0,0,0,0,0,0,0,0,0,0,0,0,0,0,0,0,0,0,0,0,0,0,0,0,0,0,0,0,0,0,0,0,0,0,0,0,0,0,0,0,0,0,0,0,0,0,0,0,0,0,0,0,0,0,0,0,0,0,0,0,0,0,0,0,0,0,0,0,0,0,0,0,0,0,0,0,0,0,0,0,0,0,0,0,0,0,0,0,0,0,0,0,0,0,0,0,0,21,0,0,0,0,0,0,0,0,0,0,0,0,0,0,0,0,0,0,0,0,0,0,0,0,0,0,0,0,0,0,0,0,0,0,0,0,0,0,0,0,0,0
"35-B2",4303,120,80,0,344,0,0,0,0,0,0,0,0,0,587,0,20,715,0,0,125,0,0,0,0,545,730,0,0,39,0,0,0,180,0,0,0,0,0,0,0,0,0,0,0,0,0,0,217,0,117,0,0,0,0,0,0,0,0,0,0,0,0,0,0,0,0,0,0,0,309,0,0,0,0,0,0,0,0,0,0,0,0,0,0,0,0,0,0,0,38,177,0,0,0,0,0,0,0,0,0,164,0,0,0,0,0,0,0,0,0,0,0,0,0,0,0,0,0,0,0,0,0,0,0,0,0,0,0,100,0,0,0,0,0,92,0,0,0,18,0,0,0,0,0,0,0,69,0,0,0,0,0,0,0,0,0,0,0,0,0,57,0,0,0,0,0,0,0,0,0,54,0,0,0,0,0,0,0,0,0,0,0,0,0,0,0,0,0,42,0,0,0,0,0,38,0,0,0,0,36,0,0,0,0,0,0,0,0,32,0,0,0,0,0,0,0,27,27,0,0,0,0,0,0,0,0,0,0,0,0,0,0,0,0,0,0,0,16,0,0,0,0,14,0,0,0,0,0,0,0,0,0,0,0,0,0,0,0,0,0,0,0,0,6,0,0,0
"36-B3",396,0,620,0,456,0,753,0,0,0,0,0,506,88,0,0,0,0,0,224,161,0,0,0,0,0,0,0,99,0,0,0,0,0,0,0,0,0,94,0,0,0,80,0,0,0,53,0,0,0,0,0,32,180,0,0,0,380,0,0,0,84,282,0,0,0,0,0,0,0,0,0,0,0,0,0,0,0,0,0,0,0,0,0,0,0,13,0,0,0,0,0,0,0,0,37,0,0,0,0,0,0,0,0,0,0,0,0,0,0,0,0,0,0,0,0,0,0,0,0,0,0,0,0,0,0,0,0,0,0,0,0,0,93,0,0,0,0,0,0,0,0,0,0,0,0,0,0,0,0,68,0,0,0,0,0,0,0,0,0,0,0,0,0,0,0,0,0,0,0,0,0,54,0,0,0,0,0,48,0,0,0,0,0,0,0,0,0,0,0,0,0,0,0,0,0,38,0,0,0,0,0,0,0,0,34,0,0,0,0,32,0,0,0,0,0,0,0,0,27,0,0,0,0,0,0,21,0,0,0,0,0,0,0,0,18,0,0,0,0,0,0,0,0,0,0,0,0,12,0,0,0,0,0,0,0,0,0,0,0,0,0,0,0,0,0,0,0
"37-B1",248,0,83,1581,275,162,0,370,0,0,0,0,0,0,0,457,124,27,0,0,67,0,0,328,0,0,0,0,75,82,139,0,0,0,126,113,50,0,0,0,117,0,59,0,0,54,30,0,0,0,0,0,0,113,0,0,0,0,0,29,0,25,0,0,0,0,0,0,0,0,0,0,0,0,0,0,77,0,0,0,0,0,0,0,0,0,19,0,0,0,0,21,0,0,0,0,0,0,0,0,94,0,0,34,0,0,0,0,0,0,0,94,0,0,73,0,0,0,0,0,0,0,0,0,0,0,0,0,0,0,0,0,0,0,0,0,0,0,0,0,0,0,0,0,0,0,0,0,69,0,0,0,0,0,0,0,0,0,0,0,0,0,26,0,0,0,0,0,0,0,0,0,0,0,0,0,0,0,0,0,0,0,0,0,0,0,0,0,0,0,42,0,0,0,0,0,0,0,0,0,0,0,0,0,0,0,0,0,0,0,0,0,0,0,0,0,0,0,0,0,0,0,0,0,0,0,0,0,0,0,0,0,0,19,0,0,0,0,0,0,0,0,0,0,0,0,0,0,0,0,0,0,0,11,0,0,0,0,0,0,0,0,0,0,0,0,0,0
"38-B2",78,391,348,489,229,192,0,403,173,0,0,0,0,74,177,100,0,42,0,0,54,0,0,141,0,0,0,0,248,172,83,89,0,0,0,98,0,0,104,0,0,0,56,0,0,0,41,0,0,0,0,0,0,0,0,0,0,0,0,87,0,0,0,0,0,0,0,0,0,44,0,0,0,0,0,0,0,0,0,0,0,0,0,0,0,0,76,0,0,0,0,0,0,0,0,28,0,0,0,0,0,0,0,48,0,0,0,0,0,0,0,0,0,0,0,0,0,0,0,0,0,0,0,0,0,0,0,0,60,0,0,0,0,0,0,0,88,0,0,0,0,0,0,0,0,0,0,0,0,0,0,0,0,0,0,0,0,0,47,0,0,0,31,0,0,0,0,0,0,0,0,0,0,0,0,14,0,0,0,0,0,0,0,0,0,0,0,0,0,0,0,0,0,0,0,0,0,0,0,0,0,0,0,0,0,0,0,0,0,0,0,0,0,0,0,0,0,0,0,0,0,0,0,0,0,0,0,21,0,0,0,0,0,0,0,0,0,0,0,0,0,0,0,0,0,0,0,0,0,0,0,0,0,0,0,0,0,0,0,0,0,0,0,0,0,0,0,2
"39-B3",628,0,279,2427,385,0,0,239,303,0,0,0,344,108,292,680,24,0,0,0,73,0,0,63,0,0,0,0,154,64,270,94,0,0,0,209,0,0,92,0,257,0,77,0,0,0,0,0,220,0,0,0,0,118,0,0,0,0,0,0,0,43,0,0,0,0,0,0,0,42,0,0,0,0,0,273,194,269,0,0,0,0,0,0,210,0,14,0,0,0,0,0,0,0,0,60,0,0,0,0,73,0,0,78,0,0,0,0,0,135,0,37,0,0,56,0,0,0,0,0,0,0,89,16,0,108,0,0,32,0,0,0,0,0,0,0,0,0,0,0,0,0,0,0,0,0,0,0,0,0,0,0,0,0,0,0,0,0,13,0,0,0,0,0,0,56,55,0,0,0,0,0,0,0,0,0,0,0,0,0,0,0,0,0,0,0,0,0,0,0,0,0,0,0,0,0,0,0,0,0,0,0,0,0,0,0,0,0,0,0,0,0,0,0,0,0,0,0,0,0,0,0,0,0,0,0,0,0,21,0,0,0,0,0,0,0,0,0,0,0,15,0,0,0,14,0,0,0,0,0,0,0,0,0,0,0,0,0,0,8,0,0,0,0,0,0,0,0
"40-B1",437,0,0,0,0,0,0,0,0,0,0,0,0,0,0,0,627,0,0,0,0,0,0,0,0,0,0,0,0,0,0,0,0,151,0,0,0,0,0,0,0,0,0,420,0,0,0,11,0,0,43,0,0,0,0,0,0,0,0,0,0,0,0,0,0,0,0,0,0,0,0,0,0,0,0,0,0,0,0,0,0,0,0,0,0,0,0,0,0,0,0,0,0,0,0,0,0,0,0,0,0,0,0,0,0,0,0,0,0,0,0,0,0,0,0,0,0,116,0,0,0,0,0,95,0,0,0,0,0,0,0,0,0,0,0,0,0,0,0,0,0,0,0,0,0,0,0,0,0,0,0,0,0,0,0,0,0,0,0,0,0,0,0,57,0,0,0,0,0,0,0,0,0,0,0,0,0,0,0,0,0,0,0,0,0,0,0,0,0,0,0,0,0,0,0,0,0,38,0,0,0,0,0,0,0,0,0,33,0,0,0,0,0,0,0,0,0,0,0,0,0,0,0,0,0,0,0,0,0,0,0,0,0,0,0,0,0,0,0,0,0,0,0,0,0,0,0,0,0,0,0,0,0,0,0,0,0,0,0,0,0,0,0,0,0,0,0,0
"41-B2",102,501,120,45,280,0,0,0,209,180,0,0,0,0,0,0,0,173,0,0,112,0,151,0,0,0,0,0,0,0,0,0,0,0,0,107,472,48,0,0,0,0,0,0,0,87,0,0,0,430,0,71,0,0,0,0,125,0,0,41,0,0,0,0,0,0,0,0,0,0,0,0,0,0,0,0,0,0,0,0,0,0,0,0,0,0,0,0,50,0,0,0,0,0,0,0,0,0,0,0,0,0,0,0,0,0,0,0,0,0,0,0,0,0,0,0,37,0,0,0,0,84,0,0,0,0,0,0,0,0,0,0,0,0,0,0,0,0,0,0,0,0,0,0,0,0,0,0,0,0,0,0,0,0,0,0,0,0,0,0,21,0,0,0,57,0,0,0,0,0,0,0,0,0,0,0,0,0,0,48,0,0,0,46,0,0,0,0,0,0,0,40,0,0,0,0,0,0,0,0,0,0,0,0,0,0,0,0,33,0,0,0,0,0,0,0,0,0,0,0,0,0,0,0,0,0,0,0,0,0,0,0,0,0,0,0,18,0,0,0,0,0,0,0,0,0,0,0,0,12,0,0,0,0,0,0,0,0,0,0,0,0,0,0,0,0,0,0
"42-B3",3537,346,0,0,188,139,430,0,0,768,0,0,0,239,0,0,67,0,520,0,0,0,70,0,0,0,0,0,20,0,0,0,0,0,0,76,70,510,0,0,0,0,0,0,0,317,0,0,0,0,0,0,282,0,0,0,264,0,0,0,0,16,0,0,0,0,100,0,240,0,0,0,0,0,109,0,0,0,0,0,0,0,0,0,31,0,0,0,0,0,0,0,0,0,0,0,0,0,0,0,0,0,0,0,0,0,0,0,60,0,0,0,0,0,0,0,0,0,0,0,0,0,0,0,66,0,0,0,0,0,0,0,0,0,0,0,0,0,0,0,0,0,0,0,0,0,0,0,0,0,0,0,0,0,0,0,0,0,0,0,0,0,0,0,0,0,0,0,0,0,0,0,0,0,0,0,0,0,0,0,0,0,0,0,0,0,0,0,0,0,0,0,0,0,0,0,0,0,0,0,0,0,0,0,0,0,0,0,0,0,0,0,0,0,0,0,0,0,0,0,0,0,0,0,0,0,0,0,0,0,0,0,0,0,0,0,0,0,0,0,0,15,0,0,0,0,0,0,0,0,0,0,0,0,0,0,0,0,0,0,0,0,0,0,0,0,0,0
"44-B2",7766,404,0,0,0,0,0,0,98,0,1254,0,0,0,0,0,0,0,0,0,0,491,0,0,0,0,0,0,0,0,0,0,263,16,0,0,0,0,0,0,0,0,0,0,0,0,0,0,0,0,0,0,0,0,0,0,0,0,0,0,0,0,0,0,0,54,0,200,0,0,0,0,0,0,0,0,0,0,0,0,0,0,0,0,0,0,0,0,0,0,0,0,0,0,0,0,0,0,0,0,0,0,0,0,0,0,0,0,0,0,0,0,0,0,0,0,0,0,0,0,0,0,0,0,0,0,0,0,0,0,0,0,0,0,0,0,0,0,0,0,0,0,0,0,0,0,0,0,0,0,0,0,0,0,0,0,0,0,0,0,0,0,0,0,0,0,0,0,0,0,0,0,0,0,0,0,0,0,0,0,0,0,0,0,0,0,0,0,0,0,0,0,0,0,0,0,0,0,0,0,0,0,0,0,0,0,0,0,0,0,0,0,0,0,0,0,0,0,0,0,9,0,0,0,0,0,0,0,0,0,0,0,0,0,0,0,0,0,0,0,0,0,0,0,0,0,0,0,0,0,0,0,0,0,0,0,0,0,0,0,0,0,0,0,0,0,0,0
"45-B3",1534,1332,122,0,0,0,0,0,0,0,0,0,533,212,0,0,0,0,0,0,0,0,0,0,0,0,0,0,0,0,0,0,0,42,0,0,0,0,0,0,0,0,0,0,0,0,0,431,0,0,0,0,0,0,0,0,0,0,376,0,0,0,0,335,0,0,0,126,0,0,0,0,0,0,0,0,0,0,0,0,0,0,0,0,0,0,0,0,0,0,49,0,0,0,0,0,0,0,29,0,0,0,0,0,0,0,0,0,0,0,0,0,131,0,0,0,0,0,0,0,0,0,0,0,0,0,106,0,0,0,0,0,0,0,0,0,0,0,0,0,0,0,0,0,0,0,0,0,0,0,0,0,0,0,0,0,0,0,0,59,0,0,0,0,0,0,0,55,0,0,0,0,0,0,0,0,0,0,0,0,0,0,0,0,0,0,0,0,0,0,0,0,40,0,0,0,0,0,0,0,0,0,0,0,0,0,0,0,0,0,0,0,0,0,0,0,0,0,0,0,0,0,0,0,0,0,0,0,0,0,0,0,0,0,0,0,0,0,0,0,0,0,0,0,0,0,0,0,0,0,0,0,0,0,0,0,0,0,0,0,0,7,0,0,0,0,0,0
"46-B1",389,0,34,0,0,69,0,0,0,0,0,0,64,0,0,0,0,0,0,0,26,0,0,0,0,0,0,0,0,40,0,0,0,0,0,0,0,0,0,0,0,0,0,0,0,0,0,0,0,0,0,0,0,0,0,0,0,0,0,0,0,0,0,0,0,0,0,0,0,0,0,0,0,0,0,0,0,0,0,25,0,0,0,0,0,0,0,0,0,0,0,0,0,0,0,0,0,0,0,0,0,0,0,0,0,0,0,0,0,0,0,0,0,0,0,0,0,0,0,0,0,0,0,0,0,0,0,0,0,0,0,0,0,0,0,0,0,0,0,0,0,0,0,0,0,0,0,0,0,0,0,0,0,0,0,0,0,0,0,0,0,0,0,0,0,0,0,0,0,0,0,0,0,0,0,0,0,0,0,0,0,0,0,0,0,0,0,0,0,0,0,0,0,0,0,0,0,0,0,0,0,0,0,0,0,0,0,0,0,0,0,0,0,0,0,0,0,0,0,0,0,0,0,0,0,0,0,0,0,0,0,0,0,0,0,0,0,0,0,0,0,0,0,0,0,0,0,0,0,0,0,0,0,0,0,0,0,0,0,0,0,0,0,0,0,0,0,0
"47-B2",2510,0,0,0,0,0,0,0,0,0,0,0,0,0,0,0,24,0,0,0,0,0,0,0,0,0,0,0,0,0,0,0,0,0,0,0,0,0,0,0,0,0,0,0,0,0,0,0,0,0,39,0,0,0,0,0,0,0,0,0,365,0,0,0,0,0,0,0,0,0,0,0,0,0,0,0,0,0,0,0,0,0,0,0,0,0,0,0,0,0,0,0,0,0,0,0,0,0,0,0,0,0,0,0,0,0,0,0,0,0,0,0,0,0,0,0,0,0,0,0,0,0,0,0,0,0,0,0,0,0,0,0,0,0,0,0,0,0,0,0,0,0,0,0,0,0,0,0,0,0,0,0,0,0,0,0,0,0,0,0,0,0,0,0,0,0,0,0,0,0,0,0,0,0,0,0,0,0,0,0,0,0,0,0,0,0,0,0,0,0,0,0,0,0,0,0,0,0,0,0,0,0,0,0,0,0,0,0,0,0,0,0,0,0,0,0,0,0,0,0,0,0,0,22,0,0,0,0,0,0,0,0,0,0,0,0,0,0,0,0,0,0,0,0,0,0,0,0,0,0,0,0,0,0,0,0,0,0,0,0,0,0,0,0,0,0,0,0
"48-B3",1017,1509,92,123,0,294,0,0,385,956,0,0,0,123,0,0,76,0,0,0,318,238,116,0,0,0,0,0,29,104,28,0,0,0,0,0,0,0,0,0,75,0,0,0,470,0,0,0,0,0,58,0,0,0,0,85,0,0,0,0,0,145,0,0,0,274,0,0,0,0,0,0,0,0,0,0,0,0,0,238,0,0,0,0,0,0,0,0,0,0,0,0,0,0,190,0,0,0,0,0,0,0,0,0,62,0,0,0,76,0,0,0,0,0,0,0,0,0,0,0,0,0,0,0,0,0,0,0,0,0,0,0,0,0,0,0,0,0,0,0,0,0,0,0,0,0,0,0,0,0,0,0,0,0,0,0,0,0,0,0,0,0,0,0,0,0,0,0,0,0,0,0,0,0,0,0,0,49,0,0,0,0,0,0,0,0,0,0,0,0,0,0,0,0,0,0,0,0,0,0,0,36,0,0,0,0,0,0,0,0,0,0,0,0,0,0,0,0,0,0,0,0,0,0,0,0,0,0,0,21,0,0,0,0,19,0,0,0,0,0,0,0,0,0,0,0,0,0,0,0,0,0,0,0,0,10,0,0,0,0,8,0,7,0,0,0,0,0
"49-B1",82,604,545,54,0,935,0,315,0,0,0,0,194,241,0,0,0,102,0,0,42,0,0,169,0,0,0,0,0,87,0,0,0,0,0,0,0,0,202,0,0,0,0,0,0,0,0,0,0,0,0,0,0,0,0,0,0,0,0,127,0,0,0,0,0,0,0,0,0,64,0,0,0,0,167,0,0,0,0,0,0,0,0,75,0,0,27,0,0,207,0,0,0,0,0,0,0,0,0,0,0,0,0,0,38,52,0,0,0,0,0,0,0,0,0,0,0,0,0,0,0,28,0,0,0,0,0,0,0,0,0,0,0,0,37,0,0,0,0,0,0,0,0,0,0,0,0,0,0,0,0,0,0,0,0,0,0,0,0,0,25,0,0,0,0,0,0,0,0,0,0,0,0,0,0,0,0,0,0,0,0,0,0,0,45,0,0,0,0,0,0,0,0,0,0,0,0,0,0,0,0,0,0,0,0,0,0,0,0,0,0,0,0,0,0,0,0,0,0,0,0,0,0,0,0,0,0,0,0,0,0,0,0,0,0,0,0,0,0,0,0,0,0,0,0,0,0,0,0,0,0,0,0,0,0,0,0,0,0,0,0,0,0,0,0,0,0,0
"50-B2",1834,250,273,0,0,751,0,227,188,0,0,0,0,0,0,0,0,0,0,0,0,0,139,86,0,0,0,0,0,0,46,0,265,0,0,0,0,0,0,0,0,0,0,0,0,0,0,0,0,0,24,0,0,0,398,0,0,0,0,82,0,0,0,0,0,0,0,0,85,62,0,0,0,0,0,0,0,0,0,0,0,0,0,173,0,0,0,0,0,0,0,0,0,0,0,0,0,178,0,0,0,0,0,0,46,0,0,0,0,0,0,0,0,0,0,0,0,0,0,0,0,0,0,0,0,0,0,0,9,0,0,0,0,0,30,0,0,0,0,32,0,0,0,0,0,0,0,0,0,0,0,0,0,0,65,0,62,0,0,0,0,0,0,0,0,0,0,0,55,0,0,0,0,0,0,0,0,0,0,0,0,0,24,0,0,0,0,0,0,0,0,0,0,0,0,0,0,0,0,0,0,0,0,0,0,0,0,0,0,0,0,32,0,0,29,0,0,0,0,0,0,0,0,0,0,0,0,0,0,0,0,0,0,0,0,0,0,0,0,0,0,0,0,0,0,14,0,0,0,0,0,0,0,0,0,0,0,0,0,0,0,0,0,0,0,0,0,0
"52-B1",1224,287,90,0,1885,0,0,0,0,0,0,0,0,0,306,0,56,114,0,0,0,0,0,0,0,0,0,0,67,70,0,0,0,0,0,0,0,0,0,0,0,0,0,0,0,0,0,0,0,0,0,0,101,0,0,42,0,0,0,0,0,0,0,0,0,0,0,0,0,0,0,0,52,0,0,0,0,0,0,0,0,0,0,0,0,0,0,0,0,0,0,0,109,0,0,0,0,0,0,0,0,0,0,0,0,0,0,0,0,0,73,0,0,0,0,0,0,0,0,0,0,0,0,0,0,0,0,0,0,0,0,53,0,0,0,0,0,0,0,0,0,0,0,8,0,0,0,0,0,0,0,0,0,0,0,0,0,0,0,0,0,0,0,0,0,0,0,0,0,0,0,0,0,53,0,0,0,0,0,0,0,0,0,0,0,0,0,0,0,0,0,0,0,0,0,0,0,0,0,0,0,0,0,0,0,0,0,0,0,0,0,0,0,0,0,0,0,0,0,0,0,0,0,0,0,0,0,0,0,0,0,0,0,0,0,0,0,0,0,0,0,0,0,0,0,0,0,0,0,0,0,0,0,0,0,0,0,9,0,0,0,0,0,0,0,0,0,0
"53-B2",1830,1051,270,0,72,0,0,359,0,0,0,20,0,0,0,0,0,0,0,0,0,0,125,0,761,0,0,0,0,0,0,0,0,178,0,0,0,0,0,0,0,0,0,0,0,0,0,0,0,0,0,0,0,0,0,0,0,0,0,0,0,0,0,0,0,0,0,0,0,0,0,0,0,0,0,0,0,0,0,0,0,0,0,0,0,0,0,0,0,0,72,0,0,0,0,0,0,0,0,0,0,0,0,0,0,0,0,21,0,0,0,0,0,0,0,0,0,0,0,0,0,0,22,0,0,0,0,0,0,0,0,44,0,0,0,0,0,0,0,15,81,0,0,67,0,0,0,0,0,0,0,0,0,66,0,0,0,0,0,0,0,0,0,0,0,0,0,0,0,0,0,0,0,0,0,0,0,0,0,0,0,0,0,0,0,45,0,0,0,0,0,0,0,0,0,0,0,0,0,0,0,0,35,0,0,0,0,0,0,0,0,0,0,0,0,0,28,0,0,0,17,0,25,0,0,0,0,0,0,0,0,0,0,0,0,0,0,0,0,0,0,0,0,0,0,0,0,0,0,0,12,0,0,0,0,0,0,0,0,0,0,0,0,0,0,0,0,0
"54-B3",5343,0,0,0,0,0,0,0,0,0,372,0,0,0,0,0,22,0,0,0,0,0,0,0,0,0,0,0,0,0,0,0,0,0,0,0,0,0,0,0,0,0,0,0,0,0,0,0,0,0,33,0,0,0,0,0,0,0,0,0,0,0,0,0,0,0,0,0,0,0,0,0,0,0,0,0,0,0,0,0,0,0,0,0,0,0,0,0,0,0,0,0,0,0,0,0,0,0,148,0,0,0,0,0,0,0,0,0,0,0,0,0,0,0,0,0,0,0,0,0,0,0,0,0,0,0,0,0,0,0,0,0,0,0,0,0,0,0,0,17,0,0,0,0,0,71,0,0,0,69,0,0,0,0,0,0,0,0,0,0,0,0,0,0,0,0,0,0,0,0,0,0,0,0,0,0,0,0,0,0,0,0,0,0,0,0,0,0,0,0,0,0,0,39,0,0,0,0,0,0,0,0,0,0,0,0,0,0,0,0,0,0,0,0,0,0,0,0,0,0,0,0,0,0,0,0,0,0,0,0,0,0,0,0,0,0,0,0,0,0,0,0,0,0,0,0,0,0,0,0,0,0,0,0,11,0,10,0,0,0,0,0,0,0,0,0,0,0
